$ bun run --filter @shoma/loom dev
@shoma/loom dev: Port 5173 is in use, trying another one...
@shoma/loom dev: Port 5174 is in use, trying another one...
@shoma/loom dev: Port 5175 is in use, trying another one...
@shoma/loom dev: Port 5176 is in use, trying another one...
@shoma/loom dev: 7:45:05 PM [vite+] (client) Re-optimizing dependencies because lockfile has changed
@shoma/loom dev: 
@shoma/loom dev:   VITE+ v0.1.20  
@shoma/loom dev: 
@shoma/loom dev:   ➜  Local:   http://localhost:5177/
@shoma/loom dev:   ➜  Network: http://10.255.255.254:5177/
@shoma/loom dev:   ➜  Network: http://172.25.208.230:5177/
@shoma/loom dev: 7:45:06 PM [vite+] (client) [optimizer] bundling dependencies...
@shoma/loom dev: File /home/josuegalre/projects/mimic/loom/src/routeTree.gen.ts was modified by another process during processing.
@shoma/loom dev: 8:44:03 PM [vite+] changed tsconfig file detected: /home/josuegalre/projects/mimic/loom/tsconfig.json - Clearing cache and forcing full-reload to ensure TypeScript is compiled with updated config values.
@shoma/loom dev: Error: ENOENT: no such file or directory, scandir '/home/josuegalre/projects/mimic/loom/src/routes'
@shoma/loom dev:     at file:///home/josuegalre/projects/mimic/node_modules/.bun/@tanstack+router-generator@1.166.39/node_modules/@tanstack/router-generator/dist/esm/generator.js:127:13
@shoma/loom dev: Error: ENOENT: no such file or directory, scandir '/home/josuegalre/projects/mimic/loom/src/routes'
@shoma/loom dev:     at file:///home/josuegalre/projects/mimic/node_modules/.bun/@tanstack+router-generator@1.166.39/node_modules/@tanstack/router-generator/dist/esm/generator.js:127:13
@shoma/loom dev: Error: ENOENT: no such file or directory, scandir '/home/josuegalre/projects/mimic/loom/src/routes'
@shoma/loom dev:     at file:///home/josuegalre/projects/mimic/node_modules/.bun/@tanstack+router-generator@1.166.39/node_modules/@tanstack/router-generator/dist/esm/generator.js:127:13
@shoma/loom dev: Error: ENOENT: no such file or directory, scandir '/home/josuegalre/projects/mimic/loom/src/routes'
@shoma/loom dev:     at file:///home/josuegalre/projects/mimic/node_modules/.bun/@tanstack+router-generator@1.166.39/node_modules/@tanstack/router-generator/dist/esm/generator.js:127:13
@shoma/loom dev: Error: ENOENT: no such file or directory, scandir '/home/josuegalre/projects/mimic/loom/src/routes'
@shoma/loom dev:     at file:///home/josuegalre/projects/mimic/node_modules/.bun/@tanstack+router-generator@1.166.39/node_modules/@tanstack/router-generator/dist/esm/generator.js:127:13
@shoma/loom dev: Error: ENOENT: no such file or directory, scandir '/home/josuegalre/projects/mimic/loom/src/routes'
@shoma/loom dev:     at file:///home/josuegalre/projects/mimic/node_modules/.bun/@tanstack+router-generator@1.166.39/node_modules/@tanstack/router-generator/dist/esm/generator.js:127:13
@shoma/loom dev: Error: ENOENT: no such file or directory, scandir '/home/josuegalre/projects/mimic/loom/src/routes'
@shoma/loom dev:     at file:///home/josuegalre/projects/mimic/node_modules/.bun/@tanstack+router-generator@1.166.39/node_modules/@tanstack/router-generator/dist/esm/generator.js:127:13
@shoma/loom dev: Error: ENOENT: no such file or directory, scandir '/home/josuegalre/projects/mimic/loom/src/routes'
@shoma/loom dev:     at file:///home/josuegalre/projects/mimic/node_modules/.bun/@tanstack+router-generator@1.166.39/node_modules/@tanstack/router-generator/dist/esm/generator.js:127:13
@shoma/loom dev: Error: ENOENT: no such file or directory, scandir '/home/josuegalre/projects/mimic/loom/src/routes'
@shoma/loom dev:     at file:///home/josuegalre/projects/mimic/node_modules/.bun/@tanstack+router-generator@1.166.39/node_modules/@tanstack/router-generator/dist/esm/generator.js:127:13
@shoma/loom dev: Error: ENOENT: no such file or directory, scandir '/home/josuegalre/projects/mimic/loom/src/routes'
@shoma/loom dev:     at file:///home/josuegalre/projects/mimic/node_modules/.bun/@tanstack+router-generator@1.166.39/node_modules/@tanstack/router-generator/dist/esm/generator.js:127:13
@shoma/loom dev: Error: ENOENT: no such file or directory, scandir '/home/josuegalre/projects/mimic/loom/src/routes'
@shoma/loom dev:     at file:///home/josuegalre/projects/mimic/node_modules/.bun/@tanstack+router-generator@1.166.39/node_modules/@tanstack/router-generator/dist/esm/generator.js:127:13
@shoma/loom dev: Error: ENOENT: no such file or directory, scandir '/home/josuegalre/projects/mimic/loom/src/routes'
@shoma/loom dev:     at file:///home/josuegalre/projects/mimic/node_modules/.bun/@tanstack+router-generator@1.166.39/node_modules/@tanstack/router-generator/dist/esm/generator.js:127:13
@shoma/loom dev: Error: ENOENT: no such file or directory, scandir '/home/josuegalre/projects/mimic/loom/src/routes'
@shoma/loom dev:     at file:///home/josuegalre/projects/mimic/node_modules/.bun/@tanstack+router-generator@1.166.39/node_modules/@tanstack/router-generator/dist/esm/generator.js:127:13
@shoma/loom dev: Error: ENOENT: no such file or directory, scandir '/home/josuegalre/projects/mimic/loom/src/routes'
@shoma/loom dev:     at file:///home/josuegalre/projects/mimic/node_modules/.bun/@tanstack+router-generator@1.166.39/node_modules/@tanstack/router-generator/dist/esm/generator.js:127:13
@shoma/loom dev: Error: ENOENT: no such file or directory, scandir '/home/josuegalre/projects/mimic/loom/src/routes'
@shoma/loom dev:     at file:///home/josuegalre/projects/mimic/node_modules/.bun/@tanstack+router-generator@1.166.39/node_modules/@tanstack/router-generator/dist/esm/generator.js:127:13
@shoma/loom dev: Error: ENOENT: no such file or directory, scandir '/home/josuegalre/projects/mimic/loom/src/routes'
@shoma/loom dev:     at file:///home/josuegalre/projects/mimic/node_modules/.bun/@tanstack+router-generator@1.166.39/node_modules/@tanstack/router-generator/dist/esm/generator.js:127:13
@shoma/loom dev: Error: ENOENT: no such file or directory, scandir '/home/josuegalre/projects/mimic/loom/src/routes'
@shoma/loom dev:     at file:///home/josuegalre/projects/mimic/node_modules/.bun/@tanstack+router-generator@1.166.39/node_modules/@tanstack/router-generator/dist/esm/generator.js:127:13
@shoma/loom dev: Error: ENOENT: no such file or directory, scandir '/home/josuegalre/projects/mimic/loom/src/routes'
@shoma/loom dev:     at file:///home/josuegalre/projects/mimic/node_modules/.bun/@tanstack+router-generator@1.166.39/node_modules/@tanstack/router-generator/dist/esm/generator.js:127:13
@shoma/loom dev: Error: ENOENT: no such file or directory, scandir '/home/josuegalre/projects/mimic/loom/src/routes'
@shoma/loom dev:     at file:///home/josuegalre/projects/mimic/node_modules/.bun/@tanstack+router-generator@1.166.39/node_modules/@tanstack/router-generator/dist/esm/generator.js:127:13
@shoma/loom dev: 8:44:03 PM [vite+] vite.config.ts changed, restarting server...
@shoma/loom dev: 8:44:03 PM [vite+] .env changed, restarting server...
@shoma/loom dev: 8:44:03 PM [vite+] (client) page reload index.html
@shoma/loom dev: 8:44:03 PM [vite+] (client) page reload tests/e2e/interactions-harness.html
@shoma/loom dev: 8:44:03 PM [vite+] server restarted.
@shoma/loom dev: 
@shoma/loom dev:   ➜  Local:   http://localhost:5177/
@shoma/loom dev:   ➜  Network: use --host to expose
@shoma/loom dev: 
@shoma/loom dev:   ➜  Local:   http://localhost:5177/
@shoma/loom dev:   ➜  Network: use --host to expose
